
Hnin Thiri Swe@LAPTOP-U82QNG9T MINGW64 ~/Desktop/MyLearningCourses/SWD/git-test
$ touch index.html

Hnin Thiri Swe@LAPTOP-U82QNG9T MINGW64 ~/Desktop/MyLearningCourses/SWD/git-test
$ mkdir css

Hnin Thiri Swe@LAPTOP-U82QNG9T MINGW64 ~/Desktop/MyLearningCourses/SWD/git-test
$ mkdir js

Hnin Thiri Swe@LAPTOP-U82QNG9T MINGW64 ~/Desktop/MyLearningCourses/SWD/git-test
$ touch css/style.css

Hnin Thiri Swe@LAPTOP-U82QNG9T MINGW64 ~/Desktop/MyLearningCourses/SWD/git-test
$ touch js/app.js

Hnin Thiri Swe@LAPTOP-U82QNG9T MINGW64 ~/Desktop/MyLearningCourses/SWD/git-test
$ ls
css/  index.html  js/

Hnin Thiri Swe@LAPTOP-U82QNG9T MINGW64 ~/Desktop/MyLearningCourses/SWD/git-test
$ ls -la
total 0
drwxr-xr-x 1 Hnin Thiri Swe 197121 0 Jul  8 13:58 ./
drwxr-xr-x 1 Hnin Thiri Swe 197121 0 Jul  8 13:57 ../
drwxr-xr-x 1 Hnin Thiri Swe 197121 0 Jul  8 13:59 css/
-rw-r--r-- 1 Hnin Thiri Swe 197121 0 Jul  8 13:58 index.html
drwxr-xr-x 1 Hnin Thiri Swe 197121 0 Jul  8 13:59 js/

Hnin Thiri Swe@LAPTOP-U82QNG9T MINGW64 ~/Desktop/MyLearningCourses/SWD/git-test
$ code .

Hnin Thiri Swe@LAPTOP-U82QNG9T MINGW64 ~/Desktop/MyLearningCourses/SWD/git-test
$ git init
Initialized empty Git repository in C:/Users/Hnin Thiri Swe/Desktop/MyLearningCo
urses/SWD/git-test/.git/

Hnin Thiri Swe@LAPTOP-U82QNG9T MINGW64 ~/Desktop/MyLearningCourses/SWD/git-test (master)
$ git add .

Hnin Thiri Swe@LAPTOP-U82QNG9T MINGW64 ~/Desktop/MyLearningCourses/SWD/git-test (master)
$ git commit -m "first"
Author identity unknown

*** Please tell me who you are.

Run

  git config --global user.email "you@example.com"
  git config --global user.name "Your Name"

to set your account's default identity.
Omit --global to set the identity only in this repository.

fatal: unable to auto-detect email address (got 'Hnin Thiri Swe@LAPTOP-U82QNG9T.(none)')

Hnin Thiri Swe@LAPTOP-U82QNG9T MINGW64 ~/Desktop/MyLearningCourses/SWD/git-test (master)
$ git config --global user.email "hninthiriswe.2016@gmail.com"

Hnin Thiri Swe@LAPTOP-U82QNG9T MINGW64 ~/Desktop/MyLearningCourses/SWD/git-test (master)
$ git config --global user.name "HninThiriSwe"

Hnin Thiri Swe@LAPTOP-U82QNG9T MINGW64 ~/Desktop/MyLearningCourses/SWD/git-test (master)
$ git commit -m "first"
[master (root-commit) 8d4229c] first
 3 files changed, 18 insertions(+)
 create mode 100644 css/style.css
 create mode 100644 index.html
 create mode 100644 js/app.js

Hnin Thiri Swe@LAPTOP-U82QNG9T MINGW64 ~/Desktop/MyLearningCourses/SWD/git-test (master)
$ git remote add origin https://github.com/HninThiriSwe/git-test-swd.git

Hnin Thiri Swe@LAPTOP-U82QNG9T MINGW64 ~/Desktop/MyLearningCourses/SWD/git-test (master)
$ git push -u origin main
error: src refspec main does not match any
error: failed to push some refs to 'https://github.com/HninThiriSwe/git-test-swd.git'

Hnin Thiri Swe@LAPTOP-U82QNG9T MINGW64 ~/Desktop/MyLearningCourses/SWD/git-test (master)
$ git push -u origin master
info: please complete authentication in your browser...
Enumerating objects: 7, done.
Counting objects: 100% (7/7), done.
Delta compression using up to 8 threads
Compressing objects: 100% (3/3), done.
Writing objects: 100% (7/7), 684 bytes | 136.00 KiB/s, done.
Total 7 (delta 0), reused 0 (delta 0), pack-reused 0
To https://github.com/HninThiriSwe/git-test-swd.git
 * [new branch]      master -> master
Branch 'master' set up to track remote branch 'master' from 'origin'.

Hnin Thiri Swe@LAPTOP-U82QNG9T MINGW64 ~/Desktop/MyLearningCourses/SWD/git-test (master)
$
